// Jest Snapshot v1, https://goo.gl/fbAQLP

exports[`Testing MonthsTable component Should valid if number is two 1`] = `2`;
